c7808cd8398c65d43d4a1c765b57f1e2
01229f904b5c5a69649f76ecc9137bd9
5cda48e32c803a064f1e029a70f707e5
e109ad4403b46854ba95139fdd3a1b3a
